// Jest Snapshot v1, https://goo.gl/fbAQLP

exports[`Cart renders a list of items 1`] = `
<Layout>
  <WithStyles(Typography)
    component="h2"
    gutterBottom={true}
    variant="h2"
  >
    Your cart
  </WithStyles(Typography)>
  <WithStyles(Paper)
    style={
      Object {
        "padding": "2rem",
      }
    }
  >
    <WithStyles(Table)>
      <WithStyles(TableHead)>
        <WithStyles(TableRow)>
          <WithStyles(TableCell)>
            Item
          </WithStyles(TableCell)>
          <WithStyles(TableCell)
            align="center"
          >
            Type
          </WithStyles(TableCell)>
          <WithStyles(TableCell)
            align="right"
          >
            Quality
          </WithStyles(TableCell)>
          <WithStyles(TableCell)
            align="right"
          >
            Price
          </WithStyles(TableCell)>
          <WithStyles(TableCell) />
        </WithStyles(TableRow)>
      </WithStyles(TableHead)>
      <WithStyles(TableBody)>
        <WithStyles(TableRow)
          key="a"
        >
          <WithStyles(TableCell)>
            <WithStyles(Typography)
              variant="body2"
            >
              ITEM A
            </WithStyles(Typography)>
          </WithStyles(TableCell)>
          <WithStyles(TableCell)
            align="center"
          >
            <Type
              type="STANDARD"
            />
          </WithStyles(TableCell)>
          <WithStyles(TableCell)
            align="right"
          >
            10
          </WithStyles(TableCell)>
          <WithStyles(TableCell)
            align="right"
          >
            $ 
            10
          </WithStyles(TableCell)>
          <WithStyles(TableCell)>
            <Link
              as="/i/a"
              href="/item?id=a"
            >
              <WithStyles(Button)
                color="primary"
              >
                View
              </WithStyles(Button)>
            </Link>
            <WithStyles(Button)
              color="secondary"
              onClick={[Function]}
            >
              Remove
            </WithStyles(Button)>
          </WithStyles(TableCell)>
        </WithStyles(TableRow)>
        <WithStyles(TableRow)
          key="b"
        >
          <WithStyles(TableCell)>
            <WithStyles(Typography)
              variant="body2"
            >
              ITEM B
            </WithStyles(Typography)>
          </WithStyles(TableCell)>
          <WithStyles(TableCell)
            align="center"
          >
            <Type
              type="STANDARD"
            />
          </WithStyles(TableCell)>
          <WithStyles(TableCell)
            align="right"
          >
            20
          </WithStyles(TableCell)>
          <WithStyles(TableCell)
            align="right"
          >
            $ 
            20
          </WithStyles(TableCell)>
          <WithStyles(TableCell)>
            <Link
              as="/i/b"
              href="/item?id=b"
            >
              <WithStyles(Button)
                color="primary"
              >
                View
              </WithStyles(Button)>
            </Link>
            <WithStyles(Button)
              color="secondary"
              onClick={[Function]}
            >
              Remove
            </WithStyles(Button)>
          </WithStyles(TableCell)>
        </WithStyles(TableRow)>
        <WithStyles(TableRow)
          key="c"
        >
          <WithStyles(TableCell)>
            <WithStyles(Typography)
              variant="body2"
            >
              ITEM C
            </WithStyles(Typography)>
          </WithStyles(TableCell)>
          <WithStyles(TableCell)
            align="center"
          >
            <Type
              type="LEGENDARY"
            />
          </WithStyles(TableCell)>
          <WithStyles(TableCell)
            align="right"
          >
            30
          </WithStyles(TableCell)>
          <WithStyles(TableCell)
            align="right"
          >
            $ 
            30
          </WithStyles(TableCell)>
          <WithStyles(TableCell)>
            <Link
              as="/i/c"
              href="/item?id=c"
            >
              <WithStyles(Button)
                color="primary"
              >
                View
              </WithStyles(Button)>
            </Link>
            <WithStyles(Button)
              color="secondary"
              onClick={[Function]}
            >
              Remove
            </WithStyles(Button)>
          </WithStyles(TableCell)>
        </WithStyles(TableRow)>
        <WithStyles(TableRow)>
          <WithStyles(TableCell)
            style={
              Object {
                "fontWeight": "bold",
              }
            }
          >
            TOTAL
          </WithStyles(TableCell)>
          <WithStyles(TableCell) />
          <WithStyles(TableCell) />
          <WithStyles(TableCell)
            align="right"
            style={
              Object {
                "fontWeight": "bold",
              }
            }
          >
            $ 
            60
          </WithStyles(TableCell)>
          <WithStyles(TableCell) />
        </WithStyles(TableRow)>
      </WithStyles(TableBody)>
    </WithStyles(Table)>
    <cart__ActionsContainer>
      <WithStyles(Button)
        color="primary"
        style={
          Object {
            "marginRight": "2rem",
          }
        }
        variant="contained"
      >
        Proceed to checkout
      </WithStyles(Button)>
      <Link
        href="/"
      >
        <WithStyles(Button)>
          Back to shopping
        </WithStyles(Button)>
      </Link>
    </cart__ActionsContainer>
  </WithStyles(Paper)>
</Layout>
`;
