// Jest Snapshot v1, https://goo.gl/fbAQLP

exports[`Index renders a list of items 1`] = `
<main>
  <h1>
    Gilded Rose Inn
  </h1>
  <ul>
    <li
      key="a"
    >
      <Link
        as="/i/a"
        href="/item?id=a"
      >
        <a>
          ITEM A
        </a>
      </Link>
      <button
        onClick={[Function]}
        type="button"
      >
        Add to cart
      </button>
    </li>
    <li
      key="b"
    >
      <Link
        as="/i/b"
        href="/item?id=b"
      >
        <a>
          ITEM B
        </a>
      </Link>
      <button
        onClick={[Function]}
        type="button"
      >
        Add to cart
      </button>
    </li>
    <li
      key="c"
    >
      <Link
        as="/i/c"
        href="/item?id=c"
      >
        <a>
          ITEM C
        </a>
      </Link>
      <button
        onClick={[Function]}
        type="button"
      >
        Add to cart
      </button>
    </li>
  </ul>
</main>
`;
