// Jest Snapshot v1, https://goo.gl/fbAQLP

exports[`Index renders a list of items 1`] = `
<Layout>
  <WithStyles(Grid)
    container={true}
    spacing={24}
  >
    <WithStyles(Grid)
      item={true}
      key="a"
      lg={4}
      md={4}
      sm={6}
      xl={4}
      xs={12}
    >
      <Connect(Item)
        isInCart={false}
        item={
          Object {
            "id": "a",
            "name": "ITEM A",
            "quality": 10,
            "sellIn": 10,
            "type": "STANDARD",
          }
        }
      />
    </WithStyles(Grid)>
    <WithStyles(Grid)
      item={true}
      key="b"
      lg={4}
      md={4}
      sm={6}
      xl={4}
      xs={12}
    >
      <Connect(Item)
        isInCart={false}
        item={
          Object {
            "id": "b",
            "name": "ITEM B",
            "quality": 20,
            "sellIn": 20,
            "type": "STANDARD",
          }
        }
      />
    </WithStyles(Grid)>
    <WithStyles(Grid)
      item={true}
      key="c"
      lg={4}
      md={4}
      sm={6}
      xl={4}
      xs={12}
    >
      <Connect(Item)
        isInCart={false}
        item={
          Object {
            "id": "c",
            "name": "ITEM C",
            "quality": 30,
            "sellIn": 30,
            "type": "LEGENDARY",
          }
        }
      />
    </WithStyles(Grid)>
  </WithStyles(Grid)>
</Layout>
`;
