// Jest Snapshot v1, https://goo.gl/fbAQLP

exports[`Index renders a list of items 1`] = `
<div>
  <p>
    Hello Next.js
  </p>
  <ul>
    <li
      key="a"
    >
      <Link
        as="/i/a"
        href="/item?id=a"
      >
        <a>
          ITEM A
        </a>
      </Link>
    </li>
    <li
      key="b"
    >
      <Link
        as="/i/b"
        href="/item?id=b"
      >
        <a>
          ITEM B
        </a>
      </Link>
    </li>
    <li
      key="c"
    >
      <Link
        as="/i/c"
        href="/item?id=c"
      >
        <a>
          ITEM C
        </a>
      </Link>
    </li>
  </ul>
</div>
`;
