// Jest Snapshot v1, https://goo.gl/fbAQLP

exports[`Item renders an item 1`] = `
<main>
  <h1 />
  <dl>
    <dt>
      Type
    </dt>
    <dd />
    <dt>
      Quality
    </dt>
    <dd />
    <dt>
      Price
    </dt>
    <dd />
  </dl>
  <p>
    <button
      onClick={[Function]}
      type="button"
    >
      Add to cart
    </button>
  </p>
  <p>
    <Link
      href="/"
    >
      <a>
        Back to items list
      </a>
    </Link>
  </p>
</main>
`;
