// Jest Snapshot v1, https://goo.gl/fbAQLP

exports[`Item renders an item 1`] = `
<Layout>
  <item__Container>
    <Connect(Item)
      item={
        Object {
          "id": "a",
          "name": "ITEM A",
          "quality": 10,
          "sellIn": 10,
          "type": "STANDARD",
        }
      }
      linkDisabled={true}
    >
      <Link
        href="/"
      >
        <WithStyles(Button)>
          Back
        </WithStyles(Button)>
      </Link>
    </Connect(Item)>
  </item__Container>
</Layout>
`;
